// Jest Snapshot v1, https://goo.gl/fbAQLP

exports[`<AddTodo /> render 1`] = `
<div>
  <input
    onChange={[Function]}
    onKeyDown={[Function]}
    value={undefined}
  />
  <button
    disabled={true}
    onClick={[Function]}
  >
    Add
  </button>
</div>
`;
