// Jest Snapshot v1, https://goo.gl/fbAQLP

exports[`<TodoList /> render 1`] = `<ul />`;
